### tree=/tmp/fm-base-b182d0f started 2026-09-13T22:41:03-04:00 load=6.63 6.35 7.44
## before bounded cycle: marker=[acked:handling:2894842.1789353668.3kVSsp] queue=[] load=6.16
## after bounded cycle: rc=0 elapsed=8s out=[check: /tmp/fm-pr-check-security.WT38ps/valid-recording/home/state/z-stop.check.sh: stop-cycle ] err=[] marker=[pending:downtime:2898018.1789353678.El0CUF] queue=[1789353678	2	check	/tmp/fm-pr-check-security.WT38ps/valid-recording/home/state/z-stop.check.sh	check: /tmp/fm-pr-check-security.WT38ps/valid-recording/home/state/z-stop.check.sh: stop-cycle|] load=5.98
ok - valid direct and merge flows record exact metadata and reject multiline head metadata
### exit=0
### tree=/tmp/fm-target-99f67cc started 2026-09-13T22:41:41-04:00 load=6.17 6.28 7.38
## before bounded cycle: marker=[acked:handling:2907605.1789353709.vXMrSc] queue=[] load=8.95
## after bounded cycle: rc=0 elapsed=8s out=[check: /tmp/fm-pr-check-security.4ToFl6/valid-recording/home/state/z-stop.check.sh: stop-cycle ] err=[] marker=[pending:downtime:2910431.1789353721.G9xHNB] queue=[1789353721	2	check	/tmp/fm-pr-check-security.4ToFl6/valid-recording/home/state/z-stop.check.sh	check: /tmp/fm-pr-check-security.4ToFl6/valid-recording/home/state/z-stop.check.sh: stop-cycle|] load=9.36
ok - valid direct and merge flows record exact metadata and reject multiline head metadata
### exit=0
### tree=/tmp/fm-base-b182d0f started 2026-09-13T22:42:29-04:00 load=10.19 7.47 7.73
## before bounded cycle: marker=[acked:handling:2920109.1789353754.aBMHpP] queue=[] load=9.94
## after bounded cycle: rc=0 elapsed=6s out=[check: /tmp/fm-pr-check-security.8KCR3P/valid-recording/home/state/z-stop.check.sh: stop-cycle ] err=[] marker=[pending:downtime:2922557.1789353763.UhaQVr] queue=[1789353763	2	check	/tmp/fm-pr-check-security.8KCR3P/valid-recording/home/state/z-stop.check.sh	check: /tmp/fm-pr-check-security.8KCR3P/valid-recording/home/state/z-stop.check.sh: stop-cycle|] load=9.46
ok - valid direct and merge flows record exact metadata and reject multiline head metadata
### exit=0
### tree=/tmp/fm-target-99f67cc started 2026-09-13T22:43:05-04:00 load=7.61 7.18 7.63
## before bounded cycle: marker=[acked:handling:2931745.1789353792.ax4Lw2] queue=[] load=7.89
## after bounded cycle: rc=0 elapsed=8s out=[check: /tmp/fm-pr-check-security.MK2EFg/valid-recording/home/state/z-stop.check.sh: stop-cycle ] err=[] marker=[pending:downtime:2934539.1789353802.bAF7Oc] queue=[1789353802	2	check	/tmp/fm-pr-check-security.MK2EFg/valid-recording/home/state/z-stop.check.sh	check: /tmp/fm-pr-check-security.MK2EFg/valid-recording/home/state/z-stop.check.sh: stop-cycle|] load=8.38
ok - valid direct and merge flows record exact metadata and reject multiline head metadata
### exit=0
