 20:24:39 up  8:29,  1 user,  load average: 25.22, 13.77, 7.85
--- TARGET bin/ (174708d) :: test_external_merge_transition_retires_only_terminal_poll (isolated run 1)
not ok - external merged transition failed: 

real	1m9.585s
user	0m20.158s
sys	0m39.707s
exit=1
--- TARGET bin/ (174708d) :: test_external_merge_transition_retires_only_terminal_poll (isolated run 2)
not ok - external merged transition failed: 

real	1m6.558s
user	0m19.784s
sys	0m37.613s
exit=1
--- TARGET bin/ (174708d) :: test_external_merge_transition_retires_only_terminal_poll (isolated run 3)
not ok - external merged transition failed: 

real	1m14.072s
user	0m20.920s
sys	0m43.024s
exit=1
--- BASE bin/ (b182d0f) :: test_external_merge_transition_retires_only_terminal_poll (isolated)
not ok - external merged transition failed: 

real	1m5.084s
user	0m20.907s
sys	0m37.808s
exit=1
 20:29:15 up  8:34,  1 user,  load average: 25.54, 22.00, 12.99
--- TARGET bin/ :: test_external_merge_transition_retires_only_terminal_poll with exit code surfaced (host load at start: 18.17 20.72 13.08)
ok - open/red, closed-unmerged, malformed, and forge errors remain armed until an exact merged transition
exit=0
host load at end: 13.10 19.22 12.82
