# tests/fm-pr-check-security.test.sh at target 99f67cc (real worktree, git checkout)
# FM_TEST_BASE_PATH=/home/parsu/.npm-global/bin:/usr/bin:/bin:/usr/sbin:/sbin (jq exposed via the fixture's own knob; host keeps jq outside the default restricted PATH)
# started 2026-09-13T22:33:14-04:00 load=3.70 7.13 8.48
ok - raw-byte parser accepts canonical URLs and rejects the complete adversarial matrix
ok - GitLab merge requests are followed on any instance and never wake falsely
ok - validated merged polls notify once and retire before the next watcher cycle
ok - a repeat identical merged poll for an already-notified task is absorbed, never queued as a main-blocking row
ok - a failed upward merge report keeps its poll armed for repair and retry
ok - staged self-merge and poll interleavings are never silent
ok - queued merges retain yolo and away-grant after captain return
ok - poll distinguishes attended authorization from external landing
ok - accepted merge authority refuses rebound task metadata
ok - accepted merge authority persists under the lifecycle lock
ok - teardown cannot race merged-poll authority consumption
ok - poll retirement preserves a replacement authority record
ok - a merge detected by the poll is reported upward from a secondmate home exactly once
ok - a different merged PR for the same task gets its own first notification
ok - merged poll retirement preserves every persistent secondmate lifecycle artifact
ok - queue, receipt, and every fixed-path removal crash point recover without loss or repeated execution
ok - open/red, closed-unmerged, malformed, and forge errors remain armed until an exact merged transition
ok - replacement, nonterminal, tampered, and custom results receive no deletion authority
ok - queue failure and untrusted receipts preserve canonical poll evidence
ok - GitHub and GitLab exact merged results share one retirement path
ok - PR and teardown entrypoints reject invalid arguments before every side effect
not ok - guarded merge poll retirement failed: 

real	6m49.111s
user	3m20.825s
sys	3m53.322s
# exit=1 finished 2026-09-13T22:40:03-04:00 load=8.90 6.50 7.56
