# tests/fm-watch-arm.test.sh at target 99f67cc (fixed tree)
# started 2026-09-13T22:18:28-04:00 load=10.05 9.51 7.79
ok - watch-arm: an attached arm reports the wake its cycle delivered instead of a false failure
ok - watch-arm: a delivered wake consumed by the handling turn still closes the attached arm cleanly
ok - watch-arm: an unusable launch confirm window refuses to arm by name
ok - watch-arm: a cycle that delivered no wake of its own still fails loudly
/home/parsu/.no-mistakes/worktrees/3ec255a4fab4/01M2ES3XDFDCDTSH4R85C432Z4/bin/fm-watch-arm.sh: line 566: 2485356 Killed                     "$WATCH" > "$child_out"
WAKE_ACK_REQUIRED: after handling completes run bin/fm-wake-drain.sh --ack-through 2 --recovery-generation 2486147.1789352340.LBTrPN
ok - watch-arm: re-arm surfaces every queued wake and an open remote decision after downtime
watcher: recovery state could not be persisted; retaining stale lock evidence
ok - watch-arm: marker publication failure retains stale-lock recovery evidence
WAKE_ACK_REQUIRED: after handling completes run bin/fm-wake-drain.sh --ack-through 2 --recovery-generation 2500872.1789352372.5YOAcn
WAKE_ACK_REQUIRED: after handling completes run bin/fm-wake-drain.sh --ack-through 3 --recovery-generation 2502987.1789352379.OqPnfN
ok - watch-arm: a wake queued after handling drain is recovered once at successor arm
ok - watch-arm: interrupted handling leaves its wake durable for successor re-drain
WAKE_ACK_REQUIRED: after handling completes run bin/fm-wake-drain.sh --ack-through 0 --recovery-generation 2524870.1789352416.TCYgbC
ok - watch-arm: malformed recovery state is quarantined without a successor loop
WAKE_ACK_REQUIRED: after handling completes run bin/fm-wake-drain.sh --ack-through 1 --recovery-generation 2530378.1789352426.YtrYzJ
ok - watch-arm: publication after recovery handoff is surfaced
ok - watch-arm: restart publishes recovery before clearing a reused-pid watcher lock
WAKE_ACK_REQUIRED: after handling completes run bin/fm-wake-drain.sh --ack-through 7 --recovery-generation 2535864.1789352435.9Flx7c
ok - watch-arm: markerless legacy queues are adopted and recovered
ok - watch-arm: a watcher close during handling keeps the printed acknowledgement valid
ok - watch-arm: a moved recovery generation consumes handled rows and names its remedy
ok - watch-arm: an open recovery episode cannot spend every following arm on re-announcement
ok - watch-arm: an arm inside the handling window leaves the printed acknowledgement able to retire the episode
ok - watch-arm: recovery discovered mid-loop announces its generation exactly once
ok - watch-arm: downtime marker publication does not follow symlinks

real	3m28.875s
user	1m27.926s
sys	2m37.706s
# exit=0 finished 2026-09-13T22:21:57-04:00
