ok - watch-arm: an attached arm reports the wake its cycle delivered instead of a false failure
ok - watch-arm: a delivered wake consumed by the handling turn still closes the attached arm cleanly
ok - watch-arm: an unusable launch confirm window refuses to arm by name
ok - watch-arm: a cycle that delivered no wake of its own still fails loudly
/home/parsu/.no-mistakes/worktrees/3ec255a4fab4/01M2BYPQ4SG5AGEHSYTHFBD322/bin/fm-watch-arm.sh: line 566: 823163 Killed                     "$WATCH" > "$child_out"
WAKE_ACK_REQUIRED: after handling completes run bin/fm-wake-drain.sh --ack-through 2 --recovery-generation 823768.1789256304.Zw2xy9
ok - watch-arm: re-arm surfaces every queued wake and an open remote decision after downtime
watcher: recovery state could not be persisted; retaining stale lock evidence
ok - watch-arm: marker publication failure retains stale-lock recovery evidence
WAKE_ACK_REQUIRED: after handling completes run bin/fm-wake-drain.sh --ack-through 2 --recovery-generation 831521.1789256322.bKUSVP
WAKE_ACK_REQUIRED: after handling completes run bin/fm-wake-drain.sh --ack-through 3 --recovery-generation 832894.1789256325.Ql0AyM
ok - watch-arm: a wake queued after handling drain is recovered once at successor arm
ok - watch-arm: interrupted handling leaves its wake durable for successor re-drain
WAKE_ACK_REQUIRED: after handling completes run bin/fm-wake-drain.sh --ack-through 0 --recovery-generation 840631.1789256345.B04kaM
ok - watch-arm: malformed recovery state is quarantined without a successor loop
WAKE_ACK_REQUIRED: after handling completes run bin/fm-wake-drain.sh --ack-through 1 --recovery-generation 842816.1789256349.oeRaQt
ok - watch-arm: publication after recovery handoff is surfaced
ok - watch-arm: restart publishes recovery before clearing a reused-pid watcher lock
WAKE_ACK_REQUIRED: after handling completes run bin/fm-wake-drain.sh --ack-through 7 --recovery-generation 844553.1789256354.6IYsGg
ok - watch-arm: markerless legacy queues are adopted and recovered
ok - watch-arm: a watcher close during handling keeps the printed acknowledgement valid
ok - watch-arm: a moved recovery generation consumes handled rows and names its remedy
ok - watch-arm: an open recovery episode cannot spend every following arm on re-announcement
ok - watch-arm: an arm inside the handling window leaves the printed acknowledgement able to retire the episode
ok - watch-arm: recovery discovered mid-loop announces its generation exactly once
ok - watch-arm: downtime marker publication does not follow symlinks
